app/report-safety.tsx(33,40): error TS2339: Property 'api' does not exist on type '{ backendUrl: any; app: { name: string; version: string; region: string; }; theme: { colors: { primary: string; primaryDark: string; background: string; surface: string; surfaceLight: string; text: string; ... 11 more ...; overlay: string; }; borderRadius: number; fontFamily: string; }; ... 5 more ...; twilio: { ......'.
app/support.tsx(33,40): error TS2339: Property 'api' does not exist on type '{ backendUrl: any; app: { name: string; version: string; region: string; }; theme: { colors: { primary: string; primaryDark: string; background: string; surface: string; surfaceLight: string; text: string; ... 11 more ...; overlay: string; }; borderRadius: number; fontFamily: string; }; ... 5 more ...; twilio: { ......'.
../shared/api/cachedClient.ts(1,26): error TS2307: Cannot find module 'react-native' or its corresponding type declarations.
../shared/api/client.ts(1,26): error TS2307: Cannot find module 'react-native' or its corresponding type declarations.
../shared/cache/index.ts(1,26): error TS2307: Cannot find module 'react-native' or its corresponding type declarations.
../shared/components/AppMap.tsx(1,19): error TS2307: Cannot find module 'react' or its corresponding type declarations.
../shared/components/AppMap.tsx(2,60): error TS2307: Cannot find module 'react-native-maps' or its corresponding type declarations.
../shared/components/AppMap.tsx(3,38): error TS2307: Cannot find module 'react-native' or its corresponding type declarations.
../shared/components/AppMap.web.tsx(1,19): error TS2307: Cannot find module 'react' or its corresponding type declarations.
../shared/components/AppMap.web.tsx(2,40): error TS2307: Cannot find module 'react-native' or its corresponding type declarations.
../shared/config/firebaseConfig.ts(1,31): error TS2307: Cannot find module 'firebase/app' or its corresponding type declarations.
../shared/config/firebaseConfig.ts(2,31): error TS2307: Cannot find module 'firebase/auth' or its corresponding type declarations.
../shared/config/index.ts(1,23): error TS2307: Cannot find module 'expo-constants' or its corresponding type declarations.
../shared/config/index.ts(2,26): error TS2307: Cannot find module 'react-native' or its corresponding type declarations.
../shared/config/spinr.config.ts(1,26): error TS2307: Cannot find module 'react-native' or its corresponding type declarations.
../shared/config/spinr.config.ts(2,23): error TS2307: Cannot find module 'expo-constants' or its corresponding type declarations.
../shared/config/supabase.ts(2,30): error TS2307: Cannot find module '@supabase/supabase-js' or its corresponding type declarations.
../shared/store/authStore.ts(1,24): error TS2307: Cannot find module 'zustand' or its corresponding type declarations.
../shared/store/authStore.ts(2,30): error TS2307: Cannot find module 'expo-secure-store' or its corresponding type declarations.
../shared/store/authStore.ts(3,26): error TS2307: Cannot find module 'react-native' or its corresponding type declarations.
../shared/store/authStore.ts(5,88): error TS2307: Cannot find module 'firebase/auth' or its corresponding type declarations.
